\BOOKMARK [1][-]{section.1}{\376\377\003\225\003\271\003\303\003\261\003\263\003\311\003\263\003\256}{}% 1
\BOOKMARK [2][-]{subsection.1.1}{\376\377\003\221\003\275\003\304\003\271\003\272\003\265\003\257\003\274\003\265\003\275\003\277\000\040\003\272\003\261\003\271\000\040\003\272\003\257\003\275\003\267\003\304\003\301\003\277\000\040\003\304\003\267\003\302\000\040\003\265\003\301\003\263\003\261\003\303\003\257\003\261\003\302}{section.1}% 2
\BOOKMARK [2][-]{subsection.1.2}{\376\377\003\243\003\304\003\314\003\307\003\277\003\271\000\040\003\304\003\267\003\302\000\040\003\265\003\301\003\263\003\261\003\303\003\257\003\261\003\302}{section.1}% 3
\BOOKMARK [2][-]{subsection.1.3}{\376\377\003\243\003\305\003\275\003\265\003\271\003\303\003\306\003\277\003\301\003\254}{section.1}% 4
\BOOKMARK [2][-]{subsection.1.4}{\376\377\003\224\003\277\003\274\003\256\000\040\003\304\003\277\003\305\000\040\003\272\003\265\003\271\003\274\003\255\003\275\003\277\003\305}{section.1}% 5
\BOOKMARK [1][-]{section.2}{\376\377\003\224\003\271\003\272\003\261\003\271\003\316\003\274\003\261\003\304\003\261\000\040\003\240\003\301\003\277\003\261\003\257\003\301\003\265\003\303\003\267\003\302\000\040\000\050\000O\000p\000t\000i\000o\000n\000s\000\051\000\040\003\272\003\261\003\271\000\040\003\265\003\300\003\265\003\275\003\264\003\305\003\304\003\271\003\272\003\255\003\302\000\040\003\303\003\304\003\301\003\261\003\304\003\267\003\263\003\271\003\272\003\255\003\302}{}% 6
\BOOKMARK [2][-]{subsection.2.1}{\376\377\003\237\003\301\003\277\003\273\003\277\003\263\003\257\003\261\000\040\003\224\003\271\003\272\003\261\003\271\003\311\003\274\003\254\003\304\003\311\003\275\000\040\003\240\003\301\003\277\003\261\003\257\003\301\003\265\003\303\003\267\003\302}{section.2}% 7
\BOOKMARK [2][-]{subsection.2.2}{\376\377\003\244\003\261\000\040\003\264\003\271\003\272\003\261\003\271\003\316\003\274\003\261\003\304\003\261\000\040\003\300\003\301\003\277\003\261\003\257\003\301\003\265\003\303\003\267\003\302}{section.2}% 8
\BOOKMARK [2][-]{subsection.2.3}{\376\377\003\225\003\257\003\264\003\267\000\040\003\224\003\271\003\272\003\261\003\271\003\311\003\274\003\254\003\304\003\311\003\275}{section.2}% 9
\BOOKMARK [3][-]{subsubsection.2.3.1}{\376\377\003\244\003\277\000\040\003\264\003\271\003\272\003\261\003\257\003\311\003\274\003\261\000\040\003\261\003\263\003\277\003\301\003\254\003\302\000\040\000\050\000C\000a\000l\000l\000\051}{subsection.2.3}% 10
\BOOKMARK [3][-]{subsubsection.2.3.2}{\376\377\003\244\003\277\000\040\003\264\003\271\003\272\003\261\003\257\003\311\003\274\003\261\000\040\003\300\003\316\003\273\003\267\003\303\003\267\003\302\000\040\000\050\000P\000u\000t\000\051}{subsection.2.3}% 11
\BOOKMARK [2][-]{subsection.2.4}{\376\377\003\231\003\264\003\271\003\314\003\304\003\267\003\304\003\265\003\302\000\040\003\304\003\311\003\275\000\040\003\264\003\271\003\272\003\261\003\271\003\311\003\274\003\254\003\304\003\311\003\275\000\040\003\300\003\301\003\277\003\261\003\257\003\301\003\265\003\303\003\267\003\302}{section.2}% 12
\BOOKMARK [3][-]{subsubsection.2.4.1}{\376\377\003\240\003\261\003\301\003\254\003\263\003\277\003\275\003\304\003\265\003\302\000\040\003\300\003\277\003\305\000\040\003\265\003\300\003\267\003\301\003\265\003\254\003\266\003\277\003\305\003\275\000\040\003\304\003\267\003\275\000\040\003\304\003\271\003\274\003\256\000\040\003\304\003\311\003\275\000\040\003\264\000.\003\300\000.}{subsection.2.4}% 13
\BOOKMARK [3][-]{subsubsection.2.4.2}{\376\377\003\245\003\300\003\277\003\270\003\255\003\303\003\265\003\271\003\302\000\040\003\272\003\261\003\271\000\040\003\314\003\301\003\271\003\261\000\040\003\304\003\271\003\274\003\316\003\275}{subsection.2.4}% 14
\BOOKMARK [3][-]{subsubsection.2.4.3}{\376\377\003\231\003\303\003\277\003\304\003\271\003\274\003\257\003\261\000\040\000p\000u\000t\000-\000c\000a\000l\000l}{subsection.2.4}% 15
\BOOKMARK [2][-]{subsection.2.5}{\376\377\003\225\003\300\003\265\003\275\003\264\003\305\003\304\003\271\003\272\003\255\003\302\000\040\003\303\003\304\003\301\003\261\003\304\003\267\003\263\003\271\003\272\003\255\003\302\000\040\003\274\003\265\000\040\003\264\003\271\003\272\003\261\003\271\003\316\003\274\003\261\003\304\003\261\000\040\003\300\003\301\003\277\003\261\003\257\003\301\003\265\003\303\003\267\003\302}{section.2}% 16
\BOOKMARK [3][-]{subsubsection.2.5.1}{\376\377\003\232\003\254\003\273\003\305\003\310\003\267\000\040\003\274\003\265\000\040\003\264\003\271\003\272\003\261\003\257\003\311\003\274\003\261\000\040\003\300\003\301\003\277\003\261\003\257\003\301\003\265\003\303\003\267\003\302\000\040\003\261\003\263\003\277\003\301\003\254\003\302}{subsection.2.5}% 17
\BOOKMARK [3][-]{subsubsection.2.5.2}{\376\377\003\240\003\301\003\277\003\303\003\304\003\261\003\303\003\257\003\261\000\040\003\274\003\265\000\040\003\264\003\271\003\272\003\261\003\257\003\311\003\274\003\261\000\040\003\300\003\301\003\277\003\261\003\257\003\301\003\265\003\303\003\267\003\302\000\040\003\300\003\316\003\273\003\267\003\303\003\267\003\302}{subsection.2.5}% 18
\BOOKMARK [3][-]{subsubsection.2.5.3}{\376\377\003\206\003\275\003\277\003\271\003\263\003\274\003\261\000\040\003\244\003\261\003\315\003\301\003\277\003\305\000\040\000\050\000B\000u\000l\000l\000\040\000S\000p\000r\000e\000a\000d\000\051}{subsection.2.5}% 19
\BOOKMARK [3][-]{subsubsection.2.5.4}{\376\377\003\206\003\275\003\277\003\271\003\263\003\274\003\261\000\040\003\240\003\265\003\304\003\261\003\273\003\277\003\315\003\264\003\261\003\302\000\040\000\050\000B\000u\000t\000t\000e\000r\000f\000l\000y\000\040\000S\000p\000r\000e\000a\000d\000\051}{subsection.2.5}% 20
\BOOKMARK [3][-]{subsubsection.2.5.5}{\376\377\003\224\003\271\003\261\003\303\003\272\003\265\003\273\003\271\003\303\003\274\003\314\003\302\000\040\000\050\000S\000t\000r\000a\000d\000d\000l\000e\000\051}{subsection.2.5}% 21
\BOOKMARK [3][-]{subsubsection.2.5.6}{\376\377\003\243\003\304\003\301\003\261\003\263\003\263\003\261\003\273\003\271\003\303\003\274\003\314\003\302\000\040\000\050\000S\000t\000r\000a\000n\000g\000l\000e\000\051}{subsection.2.5}% 22
\BOOKMARK [1][-]{section.3}{\376\377\003\237\000\040\003\261\003\273\003\263\003\314\003\301\003\271\003\270\003\274\003\277\003\302\000\040\000B\000l\000a\000c\000k\000-\000S\000c\000h\000o\000l\000e\000s\000-\000M\000e\000r\000t\000o\000n\000\040\003\272\003\261\003\271\000\040\003\267\000\040\003\300\003\301\003\277\003\303\003\277\003\274\003\277\003\257\003\311\003\303\003\267\000\040\000M\000o\000n\000t\000e\000\040\000C\000a\000r\000l\000o}{}% 23
\BOOKMARK [2][-]{subsection.3.1}{\376\377\003\225\003\271\003\303\003\261\003\263\003\311\003\263\003\256}{section.3}% 24
\BOOKMARK [2][-]{subsection.3.2}{\376\377\003\210\003\275\003\261\000\040\003\261\003\300\003\273\003\314\000\040\003\274\003\277\003\275\003\304\003\255\003\273\003\277\000\040\003\263\003\271\003\261\000\040\003\304\003\271\003\302\000\040\003\274\003\265\003\304\003\277\003\307\003\255\003\302}{section.3}% 25
\BOOKMARK [3][-]{subsubsection.3.2.1}{\376\377\003\243\003\304\003\277\003\307\003\261\003\303\003\304\003\271\003\272\003\255\003\302\000\040\003\264\003\271\003\261\003\264\003\271\003\272\003\261\003\303\003\257\003\265\003\302\000\040\003\303\003\305\003\275\003\265\003\307\003\277\003\315\003\302\000\040\003\307\003\301\003\314\003\275\003\277\003\305}{subsection.3.2}% 26
\BOOKMARK [3][-]{subsubsection.3.2.2}{\376\377\003\244\003\277\000\040\003\274\003\277\003\275\003\304\003\255\003\273\003\277\000\040\003\304\003\267\003\302\000\040\003\274\003\265\003\304\003\277\003\307\003\256\003\302}{subsection.3.2}% 27
\BOOKMARK [3][-]{subsubsection.3.2.3}{\376\377\003\227\000\040\003\255\003\275\003\275\003\277\003\271\003\261\000\040\003\304\003\267\003\302\000\040\003\274\003\265\003\304\003\261\003\262\003\273\003\267\003\304\003\314\003\304\003\267\003\304\003\261\003\302}{subsection.3.2}% 28
\BOOKMARK [2][-]{subsection.3.3}{\376\377\003\227\000\040\003\300\003\301\003\277\003\303\003\277\003\274\003\277\003\257\003\311\003\303\003\267\000\040\000M\000o\000n\000t\000e\000\040\000C\000a\000r\000l\000o}{section.3}% 29
\BOOKMARK [2][-]{subsection.3.4}{\376\377\003\244\003\277\000\040\003\273\003\256\003\274\003\274\003\261\000\040\000I\000t\000\364}{section.3}% 30
\BOOKMARK [2][-]{subsection.3.5}{\376\377\003\237\000\040\003\261\003\273\003\263\003\314\003\301\003\271\003\270\003\274\003\277\003\302\000\040\000B\000l\000a\000c\000k\000-\000S\000c\000h\000o\000l\000e\000s\000-\000M\000e\000r\000t\000o\000n}{section.3}% 31
\BOOKMARK [3][-]{subsubsection.3.5.1}{\376\377\003\245\003\300\003\277\003\270\003\255\003\303\003\265\003\271\003\302}{subsection.3.5}% 32
\BOOKMARK [3][-]{subsubsection.3.5.2}{\376\377\003\221\003\275\003\254\003\273\003\305\003\303\003\267\000\040\003\304\003\267\003\302\000\040\003\264\003\271\003\261\003\306\003\277\003\301\003\271\003\272\003\256\003\302\000\040\003\265\003\276\003\257\003\303\003\311\003\303\003\267\003\302\000\040\000B\000S\000M}{subsection.3.5}% 33
\BOOKMARK [3][-]{subsubsection.3.5.3}{\376\377\003\244\003\315\003\300\003\277\003\271\000\040\003\272\003\273\003\265\003\271\003\303\003\304\003\256\003\302\000\040\003\274\003\277\003\301\003\306\003\256\003\302}{subsection.3.5}% 34
\BOOKMARK [1][-]{section.4}{\376\377\003\232\003\301\003\271\003\304\003\271\003\272\003\256\000\040\003\303\003\304\003\277\003\275\000\040\000B\000l\000a\000c\000k\000-\000S\000c\000h\000o\000l\000e\000s\000-\000M\000e\000r\000t\000o\000n}{}% 35
\BOOKMARK [2][-]{subsection.4.1}{\376\377\003\225\003\300\003\271\003\303\003\272\003\314\003\300\003\267\003\303\003\267\000\040\003\304\003\311\003\275\000\040\003\261\003\264\003\305\003\275\003\261\003\274\003\271\003\316\003\275}{section.4}% 36
\BOOKMARK [2][-]{subsection.4.2}{\376\377\003\227\000\040\003\305\003\300\003\314\003\270\003\265\003\303\003\267\000\040\003\304\003\267\003\302\000\040\003\261\003\300\003\277\003\264\003\277\003\304\003\271\003\272\003\256\003\302\000\040\003\261\003\263\003\277\003\301\003\254\003\302\000\040\003\272\003\261\003\271\000\040\003\267\000\040\003\300\003\273\003\267\003\301\003\277\003\306\003\314\003\301\003\267\003\303\003\267}{section.4}% 37
\BOOKMARK [2][-]{subsection.4.3}{\376\377\003\227\000\040\003\303\003\304\003\261\003\270\003\265\003\301\003\314\003\304\003\267\003\304\003\261\000\040\003\304\003\267\003\302\000\040\003\264\003\271\003\261\003\272\003\315\003\274\003\261\003\275\003\303\003\267\003\302}{section.4}% 38
\BOOKMARK [2][-]{subsection.4.4}{\376\377\003\221\003\275\003\254\003\273\003\305\003\303\003\267\000\040\003\304\003\254\003\303\003\265\003\311\003\275}{section.4}% 39
\BOOKMARK [2][-]{subsection.4.5}{\376\377\003\227\000\040\003\303\003\305\003\274\003\300\003\265\003\301\003\271\003\306\003\277\003\301\003\254\000\040\003\304\003\311\003\275\000\040\003\265\003\300\003\265\003\275\003\264\003\305\003\304\003\316\003\275}{section.4}% 40
\BOOKMARK [2][-]{subsection.4.6}{\376\377\003\227\000\040\003\303\003\305\003\275\003\255\003\307\003\265\003\271\003\261\000\040\003\304\003\311\003\275\000\040\003\274\003\265\003\304\003\261\003\262\003\277\003\273\003\316\003\275}{section.4}% 41
\BOOKMARK [2][-]{subsection.4.7}{\376\377\003\227\000\040\003\272\003\257\003\275\003\267\003\303\003\267\000\040\000B\000r\000o\000w\000n\000\040\003\272\003\261\003\271\000\040\003\267\000\040\003\272\003\261\003\275\003\277\003\275\003\271\003\272\003\256\000\040\003\272\003\261\003\304\003\261\003\275\003\277\003\274\003\256}{section.4}% 42
\BOOKMARK [1][-]{section.5}{\376\377\003\243\003\307\003\265\003\304\003\271\003\272\003\256\000\040\003\262\003\271\003\262\003\273\003\271\003\277\003\263\003\301\003\261\003\306\003\257\003\261}{}% 43
\BOOKMARK [2][-]{subsection.5.1}{\376\377\003\225\003\300\003\271\003\303\003\272\003\314\003\300\003\267\003\303\003\267}{section.5}% 44
\BOOKMARK [2][-]{subsection.5.2}{\376\377\003\225\003\300\003\265\003\272\003\304\003\254\003\303\003\265\003\271\003\302\000\040\003\304\003\277\003\305\000\040\000B\000S\000M\000\040\003\272\003\261\003\271\000\040\003\304\003\271\003\274\003\277\003\273\003\314\003\263\003\267\003\303\003\267\000\040\003\274\003\265\000\040\000M\000o\000n\000t\000e\000\040\000C\000a\000r\000l\000o}{section.5}% 45
\BOOKMARK [2][-]{subsection.5.3}{\376\377\003\232\003\261\003\304\003\261\003\275\003\265\003\274\003\267\003\274\003\255\003\275\003\277\003\302\000\040\003\272\003\261\003\271\000\040\003\300\003\261\003\301\003\254\003\273\003\273\003\267\003\273\003\277\003\302\000\040\003\305\003\300\003\277\003\273\003\277\003\263\003\271\003\303\003\274\003\314\003\302\000\040\003\303\003\304\003\267\000\040\003\307\003\301\003\267\003\274\003\261\003\304\003\277\003\277\003\271\003\272\003\277\003\275\003\277\003\274\003\271\003\272\003\256}{section.5}% 46
\BOOKMARK [2][-]{subsection.5.4}{\376\377\003\243\003\304\003\261\003\304\003\271\003\303\003\304\003\271\003\272\003\255\003\302\000\040\003\274\003\255\003\270\003\277\003\264\003\277\003\271\000\040\003\272\003\261\003\271\000\040\003\305\003\300\003\277\003\264\003\277\003\274\003\255\003\302\000\040\003\264\003\265\003\264\003\277\003\274\003\255\003\275\003\311\003\275}{section.5}% 47
\BOOKMARK [2][-]{subsection.5.5}{\376\377\003\243\003\305\003\274\003\262\003\277\003\273\003\256\000\040\003\304\003\267\003\302\000\040\003\300\003\261\003\301\003\277\003\315\003\303\003\261\003\302\000\040\003\265\003\301\003\263\003\261\003\303\003\257\003\261\003\302\000\040\003\255\003\275\003\261\003\275\003\304\003\271\000\040\003\304\003\267\003\302\000\040\003\262\003\271\003\262\003\273\003\271\003\277\003\263\003\301\003\261\003\306\003\257\003\261\003\302}{section.5}% 48
\BOOKMARK [1][-]{section.6}{\376\377\003\243\003\315\003\263\003\307\003\301\003\277\003\275\003\265\003\302\000\040\003\300\003\301\003\277\003\303\003\265\003\263\003\263\003\257\003\303\003\265\003\271\003\302\000\040\003\272\003\261\003\271\000\040\003\265\003\274\003\300\003\265\003\271\003\301\003\271\003\272\003\255\003\302\000\040\003\274\003\255\003\270\003\277\003\264\003\277\003\271\000\040\003\300\003\301\003\277\003\303\003\277\003\274\003\277\003\257\003\311\003\303\003\267\003\302}{}% 49
\BOOKMARK [2][-]{subsection.6.1}{\376\377\003\225\003\300\003\271\003\303\003\272\003\314\003\300\003\267\003\303\003\267\000\040\003\304\003\311\003\275\000\040\003\274\003\265\003\270\003\314\003\264\003\311\003\275}{section.6}% 50
\BOOKMARK [2][-]{subsection.6.2}{\376\377\003\231\003\303\003\304\003\277\003\301\003\271\003\272\003\256\000\040\003\300\003\301\003\277\003\303\003\277\003\274\003\277\003\257\003\311\003\303\003\267\000\040\003\272\003\261\003\271\000\040\003\300\003\261\003\301\003\254\003\270\003\305\003\301\003\261\000\040\000\050\000w\000i\000n\000d\000o\000w\000\040\000m\000e\000t\000h\000o\000d\000s\000\051}{section.6}% 51
\BOOKMARK [2][-]{subsection.6.3}{\376\377\003\240\003\261\003\301\003\261\003\274\003\265\003\304\003\301\003\271\003\272\003\255\003\302\000\040\003\265\003\275\003\261\003\273\003\273\003\261\003\272\003\304\003\271\003\272\003\255\003\302\000:\000\040\000t\000-\000S\000t\000u\000d\000e\000n\000t}{section.6}% 52
\BOOKMARK [2][-]{subsection.6.4}{\376\377\003\240\003\277\003\273\003\305\003\272\003\273\003\261\003\303\003\274\003\261\003\304\003\271\003\272\003\254\000\040\003\274\003\277\003\275\003\304\003\255\003\273\003\261\000\040\000\050\000M\000u\000l\000t\000i\000f\000r\000a\000c\000t\000a\000l\000\051}{section.6}% 53
\BOOKMARK [3][-]{subsubsection.6.4.1}{\376\377\003\244\003\277\000\040\003\274\003\277\003\275\003\304\003\255\003\273\003\277\000\040\000M\000M\000A\000R}{subsection.6.4}% 54
\BOOKMARK [3][-]{subsubsection.6.4.2}{\376\377\003\233\003\277\003\263\003\261\003\301\003\271\003\270\003\274\003\277\003\272\003\261\003\275\003\277\003\275\003\271\003\272\003\256\000\040\003\300\003\277\003\273\003\305\003\272\003\273\003\261\003\303\003\274\003\261\003\304\003\271\003\272\003\256\000\040\003\264\003\271\003\261\003\264\003\271\003\272\003\261\003\303\003\257\003\261}{subsection.6.4}% 55
\BOOKMARK [3][-]{subsubsection.6.4.3}{\376\377\003\234\003\255\003\270\003\277\003\264\003\277\003\271\000\040\000m\000u\000l\000t\000i\000f\000r\000a\000c\000t\000a\000l\000\040\003\272\003\261\003\271\000\040\000m\000u\000l\000t\000i\000f\000r\000a\000c\000t\000a\000l\000\137\000e\000m\000p\000i\000r\000i\000c\000a\000l}{subsection.6.4}% 56
\BOOKMARK [2][-]{subsection.6.5}{\376\377\000B\000l\000o\000c\000k\000\040\000B\000o\000o\000t\000s\000t\000r\000a\000p}{section.6}% 57
\BOOKMARK [2][-]{subsection.6.6}{\376\377\000F\000i\000l\000t\000e\000r\000e\000d\000\040\000H\000i\000s\000t\000o\000r\000i\000c\000a\000l\000\040\000S\000i\000m\000u\000l\000a\000t\000i\000o\000n\000\040\000\050\000F\000H\000S\000\051}{section.6}% 58
\BOOKMARK [3][-]{subsubsection.6.6.1}{\376\377\000G\000A\000R\000C\000H\000\050\0001\000,\0001\000\051\000\040\003\272\003\261\003\271\000\040\003\304\003\305\003\300\003\277\003\300\003\277\003\271\003\267\003\274\003\255\003\275\003\261\000\040\003\272\003\261\003\304\003\254\003\273\003\277\003\271\003\300\003\261}{subsection.6.6}% 59
\BOOKMARK [3][-]{subsubsection.6.6.2}{\376\377\003\234\003\255\003\270\003\277\003\264\003\277\003\302\000\040\000f\000h\000s}{subsection.6.6}% 60
\BOOKMARK [3][-]{subsubsection.6.6.3}{\376\377\003\234\003\255\003\270\003\277\003\264\003\277\003\302\000\040\000f\000h\000s\000\137\000r\000n\000\040\000\050\000r\000i\000s\000k\000-\000n\000e\000u\000t\000r\000a\000l\000\051}{subsection.6.6}% 61
\BOOKMARK [2][-]{subsection.6.7}{\376\377\003\234\003\255\003\270\003\277\003\264\003\277\003\302\000\040\000A\000n\000a\000l\000o\000g\000u\000e\000\040\000\050\000k\000-\000N\000N\000\051}{section.6}% 62
\BOOKMARK [2][-]{subsection.6.8}{\376\377\000E\000m\000p\000i\000r\000i\000c\000a\000l\000\040\000M\000a\000r\000t\000i\000n\000g\000a\000l\000e\000\040\000C\000o\000r\000r\000e\000c\000t\000i\000o\000n\000\040\000\050\000E\000M\000C\000\051}{section.6}% 63
\BOOKMARK [1][-]{section.7}{\376\377\003\245\003\300\003\277\003\273\003\277\003\263\003\271\003\303\003\304\003\271\003\272\003\256\000\040\003\261\003\301\003\307\003\271\003\304\003\265\003\272\003\304\003\277\003\275\003\271\003\272\003\256\000:\000\040\000A\000p\000a\000c\000h\000e\000\040\000S\000p\000a\000r\000k\000\040\003\272\003\261\003\271\000\040\000D\000a\000t\000a\000b\000r\000i\000c\000k\000s}{}% 64
\BOOKMARK [2][-]{subsection.7.1}{\376\377\003\221\003\300\003\314\000\040\003\304\003\277\000\040\000H\000a\000d\000o\000o\000p\000\040\003\303\003\304\003\277\000\040\000S\000p\000a\000r\000k}{section.7}% 65
\BOOKMARK [2][-]{subsection.7.2}{\376\377\003\244\003\277\000\040\003\300\003\301\003\277\003\263\003\301\003\261\003\274\003\274\003\261\003\304\003\271\003\303\003\304\003\271\003\272\003\314\000\040\003\274\003\277\003\275\003\304\003\255\003\273\003\277\000\040\003\304\003\277\003\305\000\040\000A\000p\000a\000c\000h\000e\000\040\000S\000p\000a\000r\000k}{section.7}% 66
\BOOKMARK [2][-]{subsection.7.3}{\376\377\000D\000a\000t\000a\000b\000r\000i\000c\000k\000s\000\040\003\311\003\302\000\040\003\264\003\271\003\261\003\307\003\265\003\271\003\301\003\271\003\266\003\314\003\274\003\265\003\275\003\267\000\040\003\300\003\273\003\261\003\304\003\306\003\314\003\301\003\274\003\261}{section.7}% 67
\BOOKMARK [2][-]{subsection.7.4}{\376\377\003\225\003\300\003\271\003\273\003\277\003\263\003\255\003\302\000\040\003\300\003\261\003\301\003\261\003\273\003\273\003\267\003\273\003\271\003\303\003\274\003\277\003\315\000\040\003\263\003\271\003\261\000\040\000M\000o\000n\000t\000e\000\040\000C\000a\000r\000l\000o}{section.7}% 68
\BOOKMARK [3][-]{subsubsection.7.4.1}{\376\377\003\224\003\271\003\261\003\275\003\305\003\303\003\274\003\261\003\304\003\277\003\300\003\277\003\257\003\267\003\303\003\267\000\040\003\274\003\265\000\040\000N\000u\000m\000P\000y\000\040\003\303\003\304\003\277\000\040\000d\000r\000i\000v\000e\000r}{subsection.7.4}% 69
\BOOKMARK [3][-]{subsubsection.7.4.2}{\376\377\003\240\003\261\003\301\003\261\003\273\003\273\003\267\003\273\003\271\003\303\003\274\003\314\003\302\000\040\003\274\003\255\003\303\003\311\000\040\000S\000p\000a\000r\000k\000\040\000U\000D\000F\000s\000\040\000/\000\040\000m\000a\000p\000P\000a\000r\000t\000i\000t\000i\000o\000n\000s}{subsection.7.4}% 70
\BOOKMARK [3][-]{subsubsection.7.4.3}{\376\377\003\233\003\314\003\263\003\277\003\271\000\040\003\265\003\300\003\271\003\273\003\277\003\263\003\256\003\302\000\040\003\304\003\267\003\302\000\040\003\300\003\301\003\277\003\303\003\255\003\263\003\263\003\271\003\303\003\267\003\302}{subsection.7.4}% 71
\BOOKMARK [2][-]{subsection.7.5}{\376\377\003\224\003\271\003\261\003\307\003\265\003\257\003\301\003\271\003\303\003\267\000\040\003\264\003\265\003\264\003\277\003\274\003\255\003\275\003\311\003\275}{section.7}% 72
\BOOKMARK [3][-]{subsubsection.7.5.1}{\376\377\003\233\003\256\003\310\003\267\000\040\003\271\003\303\003\304\003\277\003\301\003\271\003\272\003\316\003\275\000\040\003\304\003\271\003\274\003\316\003\275\000\040\000\050\000y\000f\000i\000n\000a\000n\000c\000e\000\040\000p\000i\000p\000e\000l\000i\000n\000e\000\051}{subsection.7.5}% 73
\BOOKMARK [3][-]{subsubsection.7.5.2}{\376\377\003\221\003\300\003\277\003\270\003\256\003\272\003\265\003\305\003\303\003\267\000\040\003\303\003\265\000\040\000D\000e\000l\000t\000a\000\040\000T\000a\000b\000l\000e\000s}{subsection.7.5}% 74
\BOOKMARK [3][-]{subsubsection.7.5.3}{\376\377\003\225\003\276\003\261\003\263\003\311\003\263\003\256\000\040\003\300\003\261\003\301\003\261\003\263\003\314\003\274\003\265\003\275\003\311\003\275\000\040\000d\000a\000t\000a\000s\000e\000t\000s\000\040\003\303\003\265\000\040\000P\000a\000r\000q\000u\000e\000t}{subsection.7.5}% 75
\BOOKMARK [2][-]{subsection.7.6}{\376\377\003\224\003\271\003\254\003\304\003\261\003\276\003\267\000\040\003\261\003\301\003\307\003\265\003\257\003\311\003\275\000\040\003\303\003\304\003\277\000\040\000A\000D\000L\000S\000\040\000G\000e\000n\0002}{section.7}% 76
\BOOKMARK [2][-]{subsection.7.7}{\376\377\003\225\003\300\003\271\003\264\003\314\003\303\003\265\003\271\003\302\000\040\003\272\003\261\003\271\000\040\003\272\003\273\003\271\003\274\003\261\003\272\003\311\003\303\003\271\003\274\003\314\003\304\003\267\003\304\003\261}{section.7}% 77
\BOOKMARK [1][-]{section.8}{\376\377\003\243\003\307\003\265\003\264\003\257\003\261\003\303\003\267\000\040\003\304\003\267\003\302\000\040\003\265\003\306\003\261\003\301\003\274\003\277\003\263\003\256\003\302}{}% 78
\BOOKMARK [2][-]{subsection.8.1}{\376\377\003\225\003\300\003\271\003\303\003\272\003\314\003\300\003\267\003\303\003\267\000\040\003\261\003\301\003\307\003\271\003\304\003\265\003\272\003\304\003\277\003\275\003\271\003\272\003\256\003\302}{section.8}% 79
\BOOKMARK [2][-]{subsection.8.2}{\376\377\000R\000E\000S\000T\000\040\000A\000P\000I\000\040\000\050\000F\000a\000s\000t\000A\000P\000I\000\051}{section.8}% 80
\BOOKMARK [2][-]{subsection.8.3}{\376\377\003\221\003\305\003\270\003\265\003\275\003\304\003\271\003\272\003\277\003\300\003\277\003\257\003\267\003\303\003\267\000\040\003\272\003\261\003\271\000\040\003\255\003\273\003\265\003\263\003\307\003\277\003\302\000\040\003\300\003\301\003\314\003\303\003\262\003\261\003\303\003\267\003\302}{section.8}% 81
\BOOKMARK [2][-]{subsection.8.4}{\376\377\000M\000i\000d\000d\000l\000e\000w\000a\000r\000e\000\040\003\261\003\303\003\306\003\261\003\273\003\265\003\257\003\261\003\302\000\040\003\272\003\261\003\271\000\040\003\300\003\261\003\301\003\261\003\304\003\267\003\301\003\267\003\303\003\271\003\274\003\314\003\304\003\267\003\304\003\261\003\302}{section.8}% 82
\BOOKMARK [2][-]{subsection.8.5}{\376\377\003\221\003\300\003\277\003\270\003\256\003\272\003\265\003\305\003\303\003\267\000\040\003\272\003\261\003\271\000\040\003\274\003\277\003\275\003\304\003\255\003\273\003\277\000\040\003\264\003\265\003\264\003\277\003\274\003\255\003\275\003\311\003\275}{section.8}% 83
\BOOKMARK [2][-]{subsection.8.6}{\376\377\000W\000o\000r\000k\000e\000r\000\040\003\272\003\261\003\271\000\040\003\272\003\315\003\272\003\273\003\277\003\302\000\040\003\266\003\311\003\256\003\302\000\040\003\265\003\301\003\263\003\261\003\303\003\257\003\261\003\302}{section.8}% 84
\BOOKMARK [2][-]{subsection.8.7}{\376\377\003\221\003\306\003\261\003\271\003\301\003\255\003\303\003\265\003\271\003\302\000\040\000R\000u\000n\000n\000e\000r\000s}{section.8}% 85
\BOOKMARK [2][-]{subsection.8.8}{\376\377\003\221\003\300\003\277\003\270\003\256\003\272\003\265\003\305\003\303\003\267\000\040\003\261\003\300\003\277\003\304\003\265\003\273\003\265\003\303\003\274\003\254\003\304\003\311\003\275}{section.8}% 86
\BOOKMARK [2][-]{subsection.8.9}{\376\377\003\243\003\315\003\275\003\277\003\273\003\261\000\040\003\264\003\265\003\264\003\277\003\274\003\255\003\275\003\311\003\275\000\040\003\261\003\275\003\254\003\273\003\305\003\303\003\267\003\302\000\040\000\050\000d\000a\000t\000a\000s\000e\000t\000s\000\040\000r\000e\000g\000i\000s\000t\000r\000y\000\051}{section.8}% 87
\BOOKMARK [2][-]{subsection.8.10}{\376\377\003\224\003\271\003\265\003\300\003\261\003\306\003\256\000\040\003\307\003\301\003\256\003\303\003\304\003\267\000\040\000\050\000S\000t\000r\000e\000a\000m\000l\000i\000t\000\051}{section.8}% 88
\BOOKMARK [3][-]{subsubsection.8.10.1}{\376\377\003\243\003\265\003\273\003\257\003\264\003\261\000\040\003\265\003\271\003\303\003\314\003\264\003\277\003\305}{subsection.8.10}% 89
\BOOKMARK [3][-]{subsubsection.8.10.2}{\376\377\003\245\003\300\003\277\003\262\003\277\003\273\003\256\000\040\003\265\003\301\003\263\003\261\003\303\003\257\003\261\003\302}{subsection.8.10}% 90
\BOOKMARK [3][-]{subsubsection.8.10.3}{\376\377\003\240\003\261\003\301\003\261\003\272\003\277\003\273\003\277\003\315\003\270\003\267\003\303\003\267\000\040\003\265\003\301\003\263\003\261\003\303\003\271\003\316\003\275}{subsection.8.10}% 91
\BOOKMARK [3][-]{subsubsection.8.10.4}{\376\377\003\221\003\300\003\277\003\304\003\265\003\273\003\255\003\303\003\274\003\261\003\304\003\261\000\040\003\265\003\301\003\263\003\261\003\303\003\257\003\261\003\302}{subsection.8.10}% 92
\BOOKMARK [3][-]{subsubsection.8.10.5}{\376\377\003\243\003\315\003\263\003\272\003\301\003\271\003\303\003\267\000\040\003\265\003\272\003\304\003\265\003\273\003\255\003\303\003\265\003\311\003\275}{subsection.8.10}% 93
\BOOKMARK [3][-]{subsubsection.8.10.6}{\376\377\003\243\003\265\003\273\003\257\003\264\003\261\000\040\003\261\003\275\003\254\003\273\003\305\003\303\003\267\003\302}{subsection.8.10}% 94
\BOOKMARK [3][-]{subsubsection.8.10.7}{\376\377\003\243\003\265\003\273\003\257\003\264\003\261\000\040\000`\000`\000A\000b\000o\000u\000t\000'\000'}{subsection.8.10}% 95
\BOOKMARK [3][-]{subsubsection.8.10.8}{\376\377\003\243\003\265\003\273\003\257\003\264\003\261\000\040\003\224\003\271\003\261\003\307\003\265\003\257\003\301\003\271\003\303\003\267\003\302}{subsection.8.10}% 96
\BOOKMARK [2][-]{subsection.8.11}{\376\377\003\224\003\271\003\261\003\274\003\314\003\301\003\306\003\311\003\303\003\267\000\040\003\272\003\261\003\271\000\040\003\274\003\305\003\303\003\304\003\271\003\272\003\254}{section.8}% 97
\BOOKMARK [2][-]{subsection.8.12}{\376\377\003\243\003\305\003\303\003\272\003\265\003\305\003\277\003\300\003\277\003\257\003\267\003\303\003\267\000\040\003\272\003\261\003\271\000\040\003\261\003\275\003\254\003\300\003\304\003\305\003\276\003\267}{section.8}% 98
\BOOKMARK [1][-]{section.9}{\376\377\003\245\003\273\003\277\003\300\003\277\003\257\003\267\003\303\003\267\000,\000\040\003\240\003\301\003\277\003\303\003\277\003\274\003\277\003\271\003\316\003\303\003\265\003\271\003\302\000\040\003\272\003\261\003\271\000\040\003\221\003\300\003\277\003\304\003\265\003\273\003\255\003\303\003\274\003\261\003\304\003\261}{}% 99
\BOOKMARK [2][-]{subsection.9.1}{\376\377\003\240\003\265\003\271\003\301\003\261\003\274\003\261\003\304\003\271\003\272\003\314\000\040\003\300\003\265\003\301\003\271\003\262\003\254\003\273\003\273\003\277\003\275}{section.9}% 100
\BOOKMARK [2][-]{subsection.9.2}{\376\377\003\243\003\315\003\263\003\272\003\301\003\271\003\303\003\267\000\040\003\274\003\265\003\270\003\314\003\264\003\311\003\275\000\040\003\300\003\301\003\277\003\303\003\277\003\274\003\277\003\257\003\311\003\303\003\267\003\302\000\040\003\255\003\275\003\261\003\275\003\304\003\271\000\040\003\300\003\301\003\261\003\263\003\274\003\261\003\304\003\271\003\272\003\316\003\275\000\040\003\304\003\271\003\274\003\316\003\275}{section.9}% 101
\BOOKMARK [2][-]{subsection.9.3}{\376\377\003\243\003\305\003\274\003\300\003\265\003\301\003\271\003\306\003\277\003\301\003\254\000\040\003\263\003\271\003\261\000\040\000A\000t\000-\000T\000h\000e\000-\000M\000o\000n\000e\000y\000\040\003\264\003\271\003\272\003\261\003\271\003\316\003\274\003\261\003\304\003\261}{section.9}% 102
\BOOKMARK [2][-]{subsection.9.4}{\376\377\003\225\003\300\003\257\003\264\003\301\003\261\003\303\003\267\000\040\003\304\003\267\003\302\000\040\003\264\003\271\003\314\003\301\003\270\003\311\003\303\003\267\003\302\000\040\000E\000M\000C}{section.9}% 103
\BOOKMARK [2][-]{subsection.9.5}{\376\377\003\225\003\305\003\261\003\271\003\303\003\270\003\267\003\303\003\257\003\261\000\040\003\311\003\302\000\040\003\300\003\301\003\277\003\302\000\040\003\304\003\277\000\040\003\274\003\256\003\272\003\277\003\302\000\040\000b\000l\000o\000c\000k}{section.9}% 104
\BOOKMARK [2][-]{subsection.9.6}{\376\377\003\225\003\305\003\261\003\271\003\303\003\270\003\267\003\303\003\257\003\261\000\040\003\311\003\302\000\040\003\300\003\301\003\277\003\302\000\040\003\304\003\267\003\275\000\040\003\300\003\261\003\301\003\254\003\274\003\265\003\304\003\301\003\277\000\040\000l\000a\000m\000b\000d\000a\000\040\003\304\003\277\003\305\000\040\003\300\003\277\003\273\003\305\003\272\003\273\003\261\003\303\003\274\003\261\003\304\003\271\003\272\003\277\003\315\000\040\003\274\003\277\003\275\003\304\003\255\003\273\003\277\003\305}{section.9}% 105
\BOOKMARK [2][-]{subsection.9.7}{\376\377\003\243\003\315\003\263\003\272\003\273\003\271\003\303\003\267\000\040\003\272\003\261\003\271\000\040\003\305\003\300\003\277\003\273\003\277\003\263\003\271\003\303\003\304\003\271\003\272\003\314\000\040\003\272\003\314\003\303\003\304\003\277\003\302}{section.9}% 106
\BOOKMARK [2][-]{subsection.9.8}{\376\377\003\243\003\315\003\275\003\277\003\310\003\267\000\040\003\261\003\300\003\277\003\304\003\265\003\273\003\265\003\303\003\274\003\254\003\304\003\311\003\275}{section.9}% 107
\BOOKMARK [1][-]{section.10}{\376\377\003\243\003\305\003\274\003\300\003\265\003\301\003\254\003\303\003\274\003\261\003\304\003\261\000\040\003\272\003\261\003\271\000\040\003\274\003\265\003\273\003\273\003\277\003\275\003\304\003\271\003\272\003\255\003\302\000\040\003\272\003\261\003\304\003\265\003\305\003\270\003\315\003\275\003\303\003\265\003\271\003\302}{}% 108
\BOOKMARK [2][-]{subsection.10.1}{\376\377\003\243\003\315\003\275\003\277\003\310\003\267\000\040\003\304\003\267\003\302\000\040\003\265\003\301\003\263\003\261\003\303\003\257\003\261\003\302}{section.10}% 109
\BOOKMARK [2][-]{subsection.10.2}{\376\377\003\222\003\261\003\303\003\271\003\272\003\254\000\040\003\303\003\305\003\274\003\300\003\265\003\301\003\254\003\303\003\274\003\261\003\304\003\261}{section.10}% 110
\BOOKMARK [2][-]{subsection.10.3}{\376\377\003\240\003\265\003\301\003\271\003\277\003\301\003\271\003\303\003\274\003\277\003\257}{section.10}% 111
\BOOKMARK [2][-]{subsection.10.4}{\376\377\003\234\003\265\003\273\003\273\003\277\003\275\003\304\003\271\003\272\003\255\003\302\000\040\003\272\003\261\003\304\003\265\003\305\003\270\003\315\003\275\003\303\003\265\003\271\003\302}{section.10}% 112
\BOOKMARK [1][-]{appendix.A}{\376\377\003\240\003\261\003\301\003\254\003\301\003\304\003\267\003\274\003\261\000\040\003\221\000:\000\040\003\240\003\261\003\301\003\254\003\274\003\265\003\304\003\301\003\277\003\271\000\040\003\265\003\272\003\304\003\255\003\273\003\265\003\303\003\267\003\302}{}% 113
\BOOKMARK [1][-]{appendix.B}{\376\377\003\240\003\261\003\301\003\254\003\301\003\304\003\267\003\274\003\261\000\040\003\222\000:\000\040\003\225\003\300\003\271\003\300\003\273\003\255\003\277\003\275\000\040\003\263\003\301\003\261\003\306\003\256\003\274\003\261\003\304\003\261}{}% 114
\BOOKMARK [1][-]{appendix.C}{\376\377\003\240\003\261\003\301\003\254\003\301\003\304\003\267\003\274\003\261\000\040\003\223\000:\000\040\003\240\003\257\003\275\003\261\003\272\003\261\003\302\000\040\000R\000E\000S\000T\000\040\000e\000n\000d\000p\000o\000i\000n\000t\000s}{}% 115
\BOOKMARK [1][-]{appendix.D}{\376\377\003\240\003\261\003\301\003\254\003\301\003\304\003\267\003\274\003\261\000\040\003\224\000:\000\040\003\234\003\265\003\304\003\261\003\262\003\273\003\267\003\304\003\255\003\302\000\040\003\300\003\265\003\301\003\271\003\262\003\254\003\273\003\273\003\277\003\275\003\304\003\277\003\302}{}% 116
\BOOKMARK [1][-]{appendix.E}{\376\377\003\240\003\261\003\301\003\254\003\301\003\304\003\267\003\274\003\261\000\040\003\225\000:\000\040\003\243\003\307\003\256\003\274\003\261\000\040\003\262\003\254\003\303\003\267\003\302\000\040\003\264\003\265\003\264\003\277\003\274\003\255\003\275\003\311\003\275}{}% 117
\BOOKMARK [1][-]{appendix.F}{\376\377\003\240\003\261\003\301\003\254\003\301\003\304\003\267\003\274\003\261\000\040\003\243\003\244\000:\000\040\003\243\003\305\003\303\003\272\003\265\003\305\003\277\003\300\003\277\003\257\003\267\003\303\003\267\000\040\003\272\003\261\003\271\000\040\003\261\003\275\003\254\003\300\003\304\003\305\003\276\003\267}{}% 118
\BOOKMARK [1][-]{appendix.F}{\376\377\003\222\003\271\003\262\003\273\003\271\003\277\003\263\003\301\003\261\003\306\003\257\003\261}{}% 119
